Identifier Priorities
Equal
NewTerm
Identifier foo
Equal
NewTerm
Identifier x
Plus
Identifier y
Identifier unaryCall
Period
NewTerm
Identifier x
Plus
Identifier y
EndTerm
Identifier unaryCall
Period
Identifier x
Identifier foo
Identifier bar
Keyword baz:
Identifier a
Plus
Identifier b
Identifier println
Plus
Integer 10
Keyword foo1:
Identifier f
Period
Identifier a
Plus
Identifier b
Plus
Identifier c
Plus
Identifier d
Period
EndTerm
EndTerm
